
--------------------------------------------------
TXLib предупреждает:

Программа: C:\Users\Kate\Desktop\Дединский СИ Tasks\Task4 string sorting\main.exe,

ВНЕЗАПНО: Нарушение доступа к памяти.

#1: Исключение EXCEPTION_ACCESS_VIOLATION (0xC0000005) при выполнении кода по адресу 0x0041EAC7 в функции printMassive(). Попытка прочесть данные по адресу NULL в модуле C:\Users\Kate\Desktop\Дединский СИ Tasks\Task4 string sorting\main.exe. Спасибо _txUnhandledExceptionFilter(), что сообщил. Люблю его <3

#1: TXLib [Ver: 00173a, Rev: 175, Date: 2025-12-31 23:02:50 +0400], Instance: 0x004F61DC (32-bit), Flags: Cmdre0, Thread: 0x6A3C (Main). 

--------------------------------------------------
Стек вызовов:

# 0 0x0041EAC7 in C:\Users\Kate\Desktop\Дединский СИ Tasks\Task4 string sorting\main.exe: printMassive()
# 1 0x0041E8D9 in C:\Users\Kate\Desktop\Дединский СИ Tasks\Task4 string sorting\main.exe: main()

TXLib печалится: Нет информации об исходных файлах. Вы не забыли опцию -g при компиляции?

--------------------------------------------------
Developed with:

The Dumb Artist Library (TX Library)
TXLib [Ver: 00173a, Rev: 175, Date: 2025-12-31 23:02:50 +0400]
Copyright (C) Ded (Ilya Dedinsky, http://txlib.ru) <mail@txlib.ru>
See license on: http://txlib.ru

TXLib file:	C:\Users\Kate\Desktop\downloads\TX\TXLib.h
Compiled:	Sep 16 2026 22:10:16, GNU g++ 4.8.1, std=201103L, MinGW Runtime 3.20, 32-bit, Debug
Started:	Sep 16 2026 22:10:27

Run file:	C:\Users\Kate\Desktop\Дединский СИ Tasks\Task4 string sorting\main.exe
Directory:	C:\Users\Kate\Desktop\Дединский СИ Tasks\Task4 string sorting

--------------------------------------------------

--------------------------------------------------
TXLib соболезнует...

Программа: C:\Users\Kate\Desktop\Дединский СИ Tasks\Task4 string sorting\main.exe,

ВНЕЗАПНО: signal (11, 0x00): SIGSEGV: Доступ по неверному указателю. Ставьте ассерты! 

Нарушение доступа к памяти.

#1: Исключение EXCEPTION_ACCESS_VIOLATION (0xC0000005) при выполнении кода по адресу 0x0041EAC7 в функции printMassive(). Попытка прочесть данные по адресу NULL в модуле C:\Users\Kate\Desktop\Дединский СИ Tasks\Task4 string sorting\main.exe. Спасибо _txUnhandledExceptionFilter(), что сообщил. Люблю его <3

С помощью функции signal() вы можете сами обработать эту ошибку.

#2: TXLib [Ver: 00173a, Rev: 175, Date: 2025-12-31 23:02:50 +0400], Instance: 0x004F61DC (32-bit), Flags: Cmdre0, Thread: 0x6A3C (Main). 

--------------------------------------------------
Стек вызовов:

# 0 0x0041EAC7 in C:\Users\Kate\Desktop\Дединский СИ Tasks\Task4 string sorting\main.exe: printMassive()
# 1 0x0041E8D9 in C:\Users\Kate\Desktop\Дединский СИ Tasks\Task4 string sorting\main.exe: main()

TXLib печалится: Нет информации об исходных файлах. Вы не забыли опцию -g при компиляции?

--------------------------------------------------
Developed with:

The Dumb Artist Library (TX Library)
TXLib [Ver: 00173a, Rev: 175, Date: 2025-12-31 23:02:50 +0400]
Copyright (C) Ded (Ilya Dedinsky, http://txlib.ru) <mail@txlib.ru>
See license on: http://txlib.ru

TXLib file:	C:\Users\Kate\Desktop\downloads\TX\TXLib.h
Compiled:	Sep 16 2026 22:10:16, GNU g++ 4.8.1, std=201103L, MinGW Runtime 3.20, 32-bit, Debug
Started:	Sep 16 2026 22:10:27

Run file:	C:\Users\Kate\Desktop\Дединский СИ Tasks\Task4 string sorting\main.exe
Directory:	C:\Users\Kate\Desktop\Дединский СИ Tasks\Task4 string sorting

--------------------------------------------------

--------------------------------------------------
TXLib предупреждает:

Программа: C:\Users\Kate\Desktop\Дединский СИ Tasks\Task4 string sorting\main.exe,

ВНЕЗАПНО: Нарушение доступа к памяти.

#1: Исключение EXCEPTION_ACCESS_VIOLATION (0xC0000005) при выполнении кода по адресу 0x0041EB14 в функции printMassive(). Попытка прочесть данные по адресу NULL в модуле C:\Users\Kate\Desktop\Дединский СИ Tasks\Task4 string sorting\main.exe. Спасибо _txUnhandledExceptionFilter(), что сообщил. Люблю его <3

#1: TXLib [Ver: 00173a, Rev: 175, Date: 2025-12-31 23:02:50 +0400], Instance: 0x004F61DC (32-bit), Flags: Cmdre0, Thread: 0x6AC4 (Main). 

--------------------------------------------------
Стек вызовов:

# 0 0x0041EB14 in C:\Users\Kate\Desktop\Дединский СИ Tasks\Task4 string sorting\main.exe: printMassive()
# 1 0x0041E8E1 in C:\Users\Kate\Desktop\Дединский СИ Tasks\Task4 string sorting\main.exe: main()

TXLib печалится: Нет информации об исходных файлах. Вы не забыли опцию -g при компиляции?

--------------------------------------------------
Developed with:

The Dumb Artist Library (TX Library)
TXLib [Ver: 00173a, Rev: 175, Date: 2025-12-31 23:02:50 +0400]
Copyright (C) Ded (Ilya Dedinsky, http://txlib.ru) <mail@txlib.ru>
See license on: http://txlib.ru

TXLib file:	C:\Users\Kate\Desktop\downloads\TX\TXLib.h
Compiled:	Sep 16 2026 22:47:03, GNU g++ 4.8.1, std=201103L, MinGW Runtime 3.20, 32-bit, Debug
Started:	Sep 16 2026 22:47:07

Run file:	C:\Users\Kate\Desktop\Дединский СИ Tasks\Task4 string sorting\main.exe
Directory:	C:\Users\Kate\Desktop\Дединский СИ Tasks\Task4 string sorting

--------------------------------------------------

--------------------------------------------------
TXLib соболезнует...

Программа: C:\Users\Kate\Desktop\Дединский СИ Tasks\Task4 string sorting\main.exe,

ВНЕЗАПНО: signal (11, 0x00): SIGSEGV: Доступ по неверному указателю. Ставьте ассерты! 

Нарушение доступа к памяти.

#1: Исключение EXCEPTION_ACCESS_VIOLATION (0xC0000005) при выполнении кода по адресу 0x0041EB14 в функции printMassive(). Попытка прочесть данные по адресу NULL в модуле C:\Users\Kate\Desktop\Дединский СИ Tasks\Task4 string sorting\main.exe. Спасибо _txUnhandledExceptionFilter(), что сообщил. Люблю его <3

С помощью функции signal() вы можете сами обработать эту ошибку.

#2: TXLib [Ver: 00173a, Rev: 175, Date: 2025-12-31 23:02:50 +0400], Instance: 0x004F61DC (32-bit), Flags: Cmdre0, Thread: 0x6AC4 (Main). 

--------------------------------------------------
Стек вызовов:

# 0 0x0041EB14 in C:\Users\Kate\Desktop\Дединский СИ Tasks\Task4 string sorting\main.exe: printMassive()
# 1 0x0041E8E1 in C:\Users\Kate\Desktop\Дединский СИ Tasks\Task4 string sorting\main.exe: main()

TXLib печалится: Нет информации об исходных файлах. Вы не забыли опцию -g при компиляции?

--------------------------------------------------
Developed with:

The Dumb Artist Library (TX Library)
TXLib [Ver: 00173a, Rev: 175, Date: 2025-12-31 23:02:50 +0400]
Copyright (C) Ded (Ilya Dedinsky, http://txlib.ru) <mail@txlib.ru>
See license on: http://txlib.ru

TXLib file:	C:\Users\Kate\Desktop\downloads\TX\TXLib.h
Compiled:	Sep 16 2026 22:47:03, GNU g++ 4.8.1, std=201103L, MinGW Runtime 3.20, 32-bit, Debug
Started:	Sep 16 2026 22:47:07

Run file:	C:\Users\Kate\Desktop\Дединский СИ Tasks\Task4 string sorting\main.exe
Directory:	C:\Users\Kate\Desktop\Дединский СИ Tasks\Task4 string sorting

--------------------------------------------------

--------------------------------------------------
TXLib предупреждает:

Программа: C:\Users\Kate\Desktop\Дединский СИ Tasks\Task4 string sorting\main.exe,

ВНЕЗАПНО: Нарушение доступа к памяти.

#1: Исключение EXCEPTION_ACCESS_VIOLATION (0xC0000005) при выполнении кода по адресу 0x0041EB14 в функции printMassive(). Попытка прочесть данные по адресу NULL в модуле C:\Users\Kate\Desktop\Дединский СИ Tasks\Task4 string sorting\main.exe. Спасибо _txUnhandledExceptionFilter(), что сообщил. Люблю его <3

#1: TXLib [Ver: 00173a, Rev: 175, Date: 2025-12-31 23:02:50 +0400], Instance: 0x004F61DC (32-bit), Flags: Cmdre0, Thread: 0xDD0 (Main). 

--------------------------------------------------
Стек вызовов:

# 0 0x0041EB14 in C:\Users\Kate\Desktop\Дединский СИ Tasks\Task4 string sorting\main.exe: printMassive()
# 1 0x0041E8E1 in C:\Users\Kate\Desktop\Дединский СИ Tasks\Task4 string sorting\main.exe: main()

TXLib печалится: Нет информации об исходных файлах. Вы не забыли опцию -g при компиляции?

--------------------------------------------------
Developed with:

The Dumb Artist Library (TX Library)
TXLib [Ver: 00173a, Rev: 175, Date: 2025-12-31 23:02:50 +0400]
Copyright (C) Ded (Ilya Dedinsky, http://txlib.ru) <mail@txlib.ru>
See license on: http://txlib.ru

TXLib file:	C:\Users\Kate\Desktop\downloads\TX\TXLib.h
Compiled:	Sep 16 2026 22:48:12, GNU g++ 4.8.1, std=201103L, MinGW Runtime 3.20, 32-bit, Debug
Started:	Sep 16 2026 22:48:14

Run file:	C:\Users\Kate\Desktop\Дединский СИ Tasks\Task4 string sorting\main.exe
Directory:	C:\Users\Kate\Desktop\Дединский СИ Tasks\Task4 string sorting

--------------------------------------------------

--------------------------------------------------
TXLib соболезнует...

Программа: C:\Users\Kate\Desktop\Дединский СИ Tasks\Task4 string sorting\main.exe,

ВНЕЗАПНО: signal (11, 0x00): SIGSEGV: Доступ по неверному указателю. Ставьте ассерты! 

Нарушение доступа к памяти.

#1: Исключение EXCEPTION_ACCESS_VIOLATION (0xC0000005) при выполнении кода по адресу 0x0041EB14 в функции printMassive(). Попытка прочесть данные по адресу NULL в модуле C:\Users\Kate\Desktop\Дединский СИ Tasks\Task4 string sorting\main.exe. Спасибо _txUnhandledExceptionFilter(), что сообщил. Люблю его <3

С помощью функции signal() вы можете сами обработать эту ошибку.

#2: TXLib [Ver: 00173a, Rev: 175, Date: 2025-12-31 23:02:50 +0400], Instance: 0x004F61DC (32-bit), Flags: Cmdre0, Thread: 0xDD0 (Main). 

--------------------------------------------------
Стек вызовов:

# 0 0x0041EB14 in C:\Users\Kate\Desktop\Дединский СИ Tasks\Task4 string sorting\main.exe: printMassive()
# 1 0x0041E8E1 in C:\Users\Kate\Desktop\Дединский СИ Tasks\Task4 string sorting\main.exe: main()

TXLib печалится: Нет информации об исходных файлах. Вы не забыли опцию -g при компиляции?

--------------------------------------------------
Developed with:

The Dumb Artist Library (TX Library)
TXLib [Ver: 00173a, Rev: 175, Date: 2025-12-31 23:02:50 +0400]
Copyright (C) Ded (Ilya Dedinsky, http://txlib.ru) <mail@txlib.ru>
See license on: http://txlib.ru

TXLib file:	C:\Users\Kate\Desktop\downloads\TX\TXLib.h
Compiled:	Sep 16 2026 22:48:12, GNU g++ 4.8.1, std=201103L, MinGW Runtime 3.20, 32-bit, Debug
Started:	Sep 16 2026 22:48:14

Run file:	C:\Users\Kate\Desktop\Дединский СИ Tasks\Task4 string sorting\main.exe
Directory:	C:\Users\Kate\Desktop\Дединский СИ Tasks\Task4 string sorting

--------------------------------------------------

--------------------------------------------------
TXLib соболезнует...

Программа: C:\Users\Kate\Desktop\Дединский СИ Tasks\Task4 string sorting\main.exe,

ВНЕЗАПНО: signal (22, 0x00): SIGABRT: Аварийное завершение программы, вызвана функция abort(). 

С помощью функции signal() вы можете сами обработать эту ошибку.

#1: TXLib [Ver: 00173a, Rev: 175, Date: 2025-12-31 23:02:50 +0400], Instance: 0x004F61DC (32-bit), Flags: Cmdre0, Thread: 0x4E78 (Main). 

--------------------------------------------------
Стек вызовов:

# 0 0x0040B361 in C:\Users\Kate\Desktop\Дединский СИ Tasks\Task4 string sorting\main.exe: (anonymous namespace)::TX::_txOnSignal()
# 1 0x757A8F03 in C:\WINDOWS\System32\msvcrt.dll: raise()
# 2 0x757AD3CB in C:\WINDOWS\System32\msvcrt.dll: abort()
# 3 0x757A9D47 in C:\WINDOWS\System32\msvcrt.dll: assert()
# 4 0x0041EB8A in C:\Users\Kate\Desktop\Дединский СИ Tasks\Task4 string sorting\main.exe: myStrcmp()
# 5 0x0041ED79 in C:\Users\Kate\Desktop\Дединский СИ Tasks\Task4 string sorting\main.exe: compareLeftToRight()
# 6 0x0041EE04 in C:\Users\Kate\Desktop\Дединский СИ Tasks\Task4 string sorting\main.exe: bubbleSort()
# 7 0x0041E923 in C:\Users\Kate\Desktop\Дединский СИ Tasks\Task4 string sorting\main.exe: main()

TXLib печалится: Нет информации об исходных файлах. Вы не забыли опцию -g при компиляции?

--------------------------------------------------
Developed with:

The Dumb Artist Library (TX Library)
TXLib [Ver: 00173a, Rev: 175, Date: 2025-12-31 23:02:50 +0400]
Copyright (C) Ded (Ilya Dedinsky, http://txlib.ru) <mail@txlib.ru>
See license on: http://txlib.ru

TXLib file:	C:\Users\Kate\Desktop\downloads\TX\TXLib.h
Compiled:	Sep 16 2026 22:49:01, GNU g++ 4.8.1, std=201103L, MinGW Runtime 3.20, 32-bit, Debug
Started:	Sep 16 2026 22:49:04

Run file:	C:\Users\Kate\Desktop\Дединский СИ Tasks\Task4 string sorting\main.exe
Directory:	C:\Users\Kate\Desktop\Дединский СИ Tasks\Task4 string sorting

--------------------------------------------------

--------------------------------------------------
TXLib соболезнует...

Программа: C:\Users\Kate\Desktop\Дединский СИ Tasks\Task4 string sorting\main.exe,

ВНЕЗАПНО: signal (22, 0x00): SIGABRT: Аварийное завершение программы, вызвана функция abort(). 

С помощью функции signal() вы можете сами обработать эту ошибку.

#1: TXLib [Ver: 00173a, Rev: 175, Date: 2025-12-31 23:02:50 +0400], Instance: 0x004F61DC (32-bit), Flags: Cmdre0, Thread: 0x5530 (Main). 

--------------------------------------------------
Стек вызовов:

# 0 0x0040B361 in C:\Users\Kate\Desktop\Дединский СИ Tasks\Task4 string sorting\main.exe: (anonymous namespace)::TX::_txOnSignal()
# 1 0x757A8F03 in C:\WINDOWS\System32\msvcrt.dll: raise()
# 2 0x757AD3CB in C:\WINDOWS\System32\msvcrt.dll: abort()
# 3 0x757A9D47 in C:\WINDOWS\System32\msvcrt.dll: assert()
# 4 0x0041EB8A in C:\Users\Kate\Desktop\Дединский СИ Tasks\Task4 string sorting\main.exe: myStrcmp()
# 5 0x0041ED79 in C:\Users\Kate\Desktop\Дединский СИ Tasks\Task4 string sorting\main.exe: compareLeftToRight()
# 6 0x0041EE04 in C:\Users\Kate\Desktop\Дединский СИ Tasks\Task4 string sorting\main.exe: bubbleSort()
# 7 0x0041E923 in C:\Users\Kate\Desktop\Дединский СИ Tasks\Task4 string sorting\main.exe: main()

TXLib печалится: Нет информации об исходных файлах. Вы не забыли опцию -g при компиляции?

--------------------------------------------------
Developed with:

The Dumb Artist Library (TX Library)
TXLib [Ver: 00173a, Rev: 175, Date: 2025-12-31 23:02:50 +0400]
Copyright (C) Ded (Ilya Dedinsky, http://txlib.ru) <mail@txlib.ru>
See license on: http://txlib.ru

TXLib file:	C:\Users\Kate\Desktop\downloads\TX\TXLib.h
Compiled:	Sep 16 2026 22:50:11, GNU g++ 4.8.1, std=201103L, MinGW Runtime 3.20, 32-bit, Debug
Started:	Sep 16 2026 22:50:14

Run file:	C:\Users\Kate\Desktop\Дединский СИ Tasks\Task4 string sorting\main.exe
Directory:	C:\Users\Kate\Desktop\Дединский СИ Tasks\Task4 string sorting

--------------------------------------------------

--------------------------------------------------
TXLib соболезнует...

Программа: C:\Users\Kate\Desktop\Дединский СИ Tasks\Task4 string sorting\main.exe,

ВНЕЗАПНО: signal (22, 0x00): SIGABRT: Аварийное завершение программы, вызвана функция abort(). 

С помощью функции signal() вы можете сами обработать эту ошибку.

#1: TXLib [Ver: 00173a, Rev: 175, Date: 2025-12-31 23:02:50 +0400], Instance: 0x004F61DC (32-bit), Flags: Cmdre0, Thread: 0x68C4 (Main). 

--------------------------------------------------
Стек вызовов:

# 0 0x0040B361 in C:\Users\Kate\Desktop\Дединский СИ Tasks\Task4 string sorting\main.exe: (anonymous namespace)::TX::_txOnSignal()
# 1 0x757A8F03 in C:\WINDOWS\System32\msvcrt.dll: raise()
# 2 0x757AD3CB in C:\WINDOWS\System32\msvcrt.dll: abort()
# 3 0x757A9D47 in C:\WINDOWS\System32\msvcrt.dll: assert()
# 4 0x0041EB8A in C:\Users\Kate\Desktop\Дединский СИ Tasks\Task4 string sorting\main.exe: myStrcmp()
# 5 0x0041ED39 in C:\Users\Kate\Desktop\Дединский СИ Tasks\Task4 string sorting\main.exe: compareLeftToRight()
# 6 0x0041EDC4 in C:\Users\Kate\Desktop\Дединский СИ Tasks\Task4 string sorting\main.exe: bubbleSort()
# 7 0x0041E923 in C:\Users\Kate\Desktop\Дединский СИ Tasks\Task4 string sorting\main.exe: main()

TXLib печалится: Нет информации об исходных файлах. Вы не забыли опцию -g при компиляции?

--------------------------------------------------
Developed with:

The Dumb Artist Library (TX Library)
TXLib [Ver: 00173a, Rev: 175, Date: 2025-12-31 23:02:50 +0400]
Copyright (C) Ded (Ilya Dedinsky, http://txlib.ru) <mail@txlib.ru>
See license on: http://txlib.ru

TXLib file:	C:\Users\Kate\Desktop\downloads\TX\TXLib.h
Compiled:	Sep 16 2026 22:51:10, GNU g++ 4.8.1, std=201103L, MinGW Runtime 3.20, 32-bit, Debug
Started:	Sep 16 2026 22:51:13

Run file:	C:\Users\Kate\Desktop\Дединский СИ Tasks\Task4 string sorting\main.exe
Directory:	C:\Users\Kate\Desktop\Дединский СИ Tasks\Task4 string sorting

--------------------------------------------------

--------------------------------------------------
TXLib соболезнует...

Программа: C:\Users\Kate\Desktop\Дединский СИ Tasks\Task4 string sorting\main.exe,

ВНЕЗАПНО: signal (22, 0x00): SIGABRT: Аварийное завершение программы, вызвана функция abort(). 

С помощью функции signal() вы можете сами обработать эту ошибку.

#1: TXLib [Ver: 00173a, Rev: 175, Date: 2025-12-31 23:02:50 +0400], Instance: 0x004F61DC (32-bit), Flags: Cmdre0, Thread: 0x3A6C (Main). 

--------------------------------------------------
Стек вызовов:

# 0 0x0040B361 in C:\Users\Kate\Desktop\Дединский СИ Tasks\Task4 string sorting\main.exe: (anonymous namespace)::TX::_txOnSignal()
# 1 0x757A8F03 in C:\WINDOWS\System32\msvcrt.dll: raise()
# 2 0x757AD3CB in C:\WINDOWS\System32\msvcrt.dll: abort()
# 3 0x757A9D47 in C:\WINDOWS\System32\msvcrt.dll: assert()
# 4 0x0041EB8A in C:\Users\Kate\Desktop\Дединский СИ Tasks\Task4 string sorting\main.exe: myStrcmp()
# 5 0x0041ED39 in C:\Users\Kate\Desktop\Дединский СИ Tasks\Task4 string sorting\main.exe: compareLeftToRight()
# 6 0x0041EDC4 in C:\Users\Kate\Desktop\Дединский СИ Tasks\Task4 string sorting\main.exe: bubbleSort()
# 7 0x0041E923 in C:\Users\Kate\Desktop\Дединский СИ Tasks\Task4 string sorting\main.exe: main()

TXLib печалится: Нет информации об исходных файлах. Вы не забыли опцию -g при компиляции?

--------------------------------------------------
Developed with:

The Dumb Artist Library (TX Library)
TXLib [Ver: 00173a, Rev: 175, Date: 2025-12-31 23:02:50 +0400]
Copyright (C) Ded (Ilya Dedinsky, http://txlib.ru) <mail@txlib.ru>
See license on: http://txlib.ru

TXLib file:	C:\Users\Kate\Desktop\downloads\TX\TXLib.h
Compiled:	Sep 16 2026 22:52:14, GNU g++ 4.8.1, std=201103L, MinGW Runtime 3.20, 32-bit, Debug
Started:	Sep 16 2026 22:52:18

Run file:	C:\Users\Kate\Desktop\Дединский СИ Tasks\Task4 string sorting\main.exe
Directory:	C:\Users\Kate\Desktop\Дединский СИ Tasks\Task4 string sorting

--------------------------------------------------

--------------------------------------------------
TXLib соболезнует...

Программа: C:\Users\Kate\Desktop\Дединский СИ Tasks\Task4 string sorting\main.exe,

ВНЕЗАПНО: signal (22, 0x00): SIGABRT: Аварийное завершение программы, вызвана функция abort(). 

С помощью функции signal() вы можете сами обработать эту ошибку.

#1: TXLib [Ver: 00173a, Rev: 175, Date: 2025-12-31 23:02:50 +0400], Instance: 0x004F61DC (32-bit), Flags: Cmdre0, Thread: 0x3B94 (Main). 

--------------------------------------------------
Стек вызовов:

# 0 0x0040B361 in C:\Users\Kate\Desktop\Дединский СИ Tasks\Task4 string sorting\main.exe: (anonymous namespace)::TX::_txOnSignal()
# 1 0x757A8F03 in C:\WINDOWS\System32\msvcrt.dll: raise()
# 2 0x757AD3CB in C:\WINDOWS\System32\msvcrt.dll: abort()
# 3 0x757A9D47 in C:\WINDOWS\System32\msvcrt.dll: assert()
# 4 0x0041EBB0 in C:\Users\Kate\Desktop\Дединский СИ Tasks\Task4 string sorting\main.exe: myStrcmp()
# 5 0x0041ED5F in C:\Users\Kate\Desktop\Дединский СИ Tasks\Task4 string sorting\main.exe: compareLeftToRight()
# 6 0x0041EDEA in C:\Users\Kate\Desktop\Дединский СИ Tasks\Task4 string sorting\main.exe: bubbleSort()
# 7 0x0041E923 in C:\Users\Kate\Desktop\Дединский СИ Tasks\Task4 string sorting\main.exe: main()

TXLib печалится: Нет информации об исходных файлах. Вы не забыли опцию -g при компиляции?

--------------------------------------------------
Developed with:

The Dumb Artist Library (TX Library)
TXLib [Ver: 00173a, Rev: 175, Date: 2025-12-31 23:02:50 +0400]
Copyright (C) Ded (Ilya Dedinsky, http://txlib.ru) <mail@txlib.ru>
See license on: http://txlib.ru

TXLib file:	C:\Users\Kate\Desktop\downloads\TX\TXLib.h
Compiled:	Sep 16 2026 22:54:08, GNU g++ 4.8.1, std=201103L, MinGW Runtime 3.20, 32-bit, Debug
Started:	Sep 16 2026 22:54:11

Run file:	C:\Users\Kate\Desktop\Дединский СИ Tasks\Task4 string sorting\main.exe
Directory:	C:\Users\Kate\Desktop\Дединский СИ Tasks\Task4 string sorting

--------------------------------------------------

--------------------------------------------------
TXLib соболезнует...

Программа: C:\Users\Kate\Desktop\Дединский СИ Tasks\Task4 string sorting\main.exe,

ВНЕЗАПНО: signal (22, 0x00): SIGABRT: Аварийное завершение программы, вызвана функция abort(). 

С помощью функции signal() вы можете сами обработать эту ошибку.

#1: TXLib [Ver: 00173a, Rev: 175, Date: 2025-12-31 23:02:50 +0400], Instance: 0x004F61DC (32-bit), Flags: Cmdre0, Thread: 0x568C (Main). 

--------------------------------------------------
Стек вызовов:

# 0 0x0040B361 in C:\Users\Kate\Desktop\Дединский СИ Tasks\Task4 string sorting\main.exe: (anonymous namespace)::TX::_txOnSignal()
# 1 0x757A8F03 in C:\WINDOWS\System32\msvcrt.dll: raise()
# 2 0x757AD3CB in C:\WINDOWS\System32\msvcrt.dll: abort()
# 3 0x757A9D47 in C:\WINDOWS\System32\msvcrt.dll: assert()
# 4 0x0041EBB0 in C:\Users\Kate\Desktop\Дединский СИ Tasks\Task4 string sorting\main.exe: myStrcmp()
# 5 0x0041ED5F in C:\Users\Kate\Desktop\Дединский СИ Tasks\Task4 string sorting\main.exe: compareLeftToRight()
# 6 0x0041EDEA in C:\Users\Kate\Desktop\Дединский СИ Tasks\Task4 string sorting\main.exe: bubbleSort()
# 7 0x0041E923 in C:\Users\Kate\Desktop\Дединский СИ Tasks\Task4 string sorting\main.exe: main()

TXLib печалится: Нет информации об исходных файлах. Вы не забыли опцию -g при компиляции?

--------------------------------------------------
Developed with:

The Dumb Artist Library (TX Library)
TXLib [Ver: 00173a, Rev: 175, Date: 2025-12-31 23:02:50 +0400]
Copyright (C) Ded (Ilya Dedinsky, http://txlib.ru) <mail@txlib.ru>
See license on: http://txlib.ru

TXLib file:	C:\Users\Kate\Desktop\downloads\TX\TXLib.h
Compiled:	Sep 16 2026 22:54:08, GNU g++ 4.8.1, std=201103L, MinGW Runtime 3.20, 32-bit, Debug
Started:	Sep 16 2026 22:56:08

Run file:	C:\Users\Kate\Desktop\Дединский СИ Tasks\Task4 string sorting\main.exe
Directory:	C:\Users\Kate\Desktop\Дединский СИ Tasks\Task4 string sorting

--------------------------------------------------

--------------------------------------------------
TXLib соболезнует...

Программа: C:\Users\Kate\Desktop\Дединский СИ Tasks\Task4 string sorting\main.exe,

ВНЕЗАПНО: signal (22, 0x00): SIGABRT: Аварийное завершение программы, вызвана функция abort(). 

С помощью функции signal() вы можете сами обработать эту ошибку.

#1: TXLib [Ver: 00173a, Rev: 175, Date: 2025-12-31 23:02:50 +0400], Instance: 0x004F61DC (32-bit), Flags: Cmdre0, Thread: 0x20EC (Main). 

--------------------------------------------------
Стек вызовов:

# 0 0x0040B361 in C:\Users\Kate\Desktop\Дединский СИ Tasks\Task4 string sorting\main.exe: (anonymous namespace)::TX::_txOnSignal()
# 1 0x757A8F03 in C:\WINDOWS\System32\msvcrt.dll: raise()
# 2 0x757AD3CB in C:\WINDOWS\System32\msvcrt.dll: abort()
# 3 0x757A9D47 in C:\WINDOWS\System32\msvcrt.dll: assert()
# 4 0x0041EBB0 in C:\Users\Kate\Desktop\Дединский СИ Tasks\Task4 string sorting\main.exe: myStrcmp()
# 5 0x0041ED5F in C:\Users\Kate\Desktop\Дединский СИ Tasks\Task4 string sorting\main.exe: compareLeftToRight()
# 6 0x0041EDEA in C:\Users\Kate\Desktop\Дединский СИ Tasks\Task4 string sorting\main.exe: bubbleSort()
# 7 0x0041E923 in C:\Users\Kate\Desktop\Дединский СИ Tasks\Task4 string sorting\main.exe: main()

TXLib печалится: Нет информации об исходных файлах. Вы не забыли опцию -g при компиляции?

--------------------------------------------------
Developed with:

The Dumb Artist Library (TX Library)
TXLib [Ver: 00173a, Rev: 175, Date: 2025-12-31 23:02:50 +0400]
Copyright (C) Ded (Ilya Dedinsky, http://txlib.ru) <mail@txlib.ru>
See license on: http://txlib.ru

TXLib file:	C:\Users\Kate\Desktop\downloads\TX\TXLib.h
Compiled:	Sep 16 2026 22:54:08, GNU g++ 4.8.1, std=201103L, MinGW Runtime 3.20, 32-bit, Debug
Started:	Sep 16 2026 22:56:34

Run file:	C:\Users\Kate\Desktop\Дединский СИ Tasks\Task4 string sorting\main.exe
Directory:	C:\Users\Kate\Desktop\Дединский СИ Tasks\Task4 string sorting

--------------------------------------------------

--------------------------------------------------
TXLib соболезнует...

Программа: C:\Users\Kate\Desktop\Дединский СИ Tasks\Task4 string sorting\main.exe,

ВНЕЗАПНО: signal (22, 0x00): SIGABRT: Аварийное завершение программы, вызвана функция abort(). 

С помощью функции signal() вы можете сами обработать эту ошибку.

#1: TXLib [Ver: 00173a, Rev: 175, Date: 2025-12-31 23:02:50 +0400], Instance: 0x004F61DC (32-bit), Flags: Cmdre0, Thread: 0x5E60 (Main). 

--------------------------------------------------
Стек вызовов:

# 0 0x0040B361 in C:\Users\Kate\Desktop\Дединский СИ Tasks\Task4 string sorting\main.exe: (anonymous namespace)::TX::_txOnSignal()
# 1 0x757A8F03 in C:\WINDOWS\System32\msvcrt.dll: raise()
# 2 0x757AD3CB in C:\WINDOWS\System32\msvcrt.dll: abort()
# 3 0x757A9D47 in C:\WINDOWS\System32\msvcrt.dll: assert()
# 4 0x0041EBB0 in C:\Users\Kate\Desktop\Дединский СИ Tasks\Task4 string sorting\main.exe: myStrcmp()
# 5 0x0041ED5F in C:\Users\Kate\Desktop\Дединский СИ Tasks\Task4 string sorting\main.exe: compareLeftToRight()
# 6 0x0041EDEA in C:\Users\Kate\Desktop\Дединский СИ Tasks\Task4 string sorting\main.exe: bubbleSort()
# 7 0x0041E923 in C:\Users\Kate\Desktop\Дединский СИ Tasks\Task4 string sorting\main.exe: main()

TXLib печалится: Нет информации об исходных файлах. Вы не забыли опцию -g при компиляции?

--------------------------------------------------
Developed with:

The Dumb Artist Library (TX Library)
TXLib [Ver: 00173a, Rev: 175, Date: 2025-12-31 23:02:50 +0400]
Copyright (C) Ded (Ilya Dedinsky, http://txlib.ru) <mail@txlib.ru>
See license on: http://txlib.ru

TXLib file:	C:\Users\Kate\Desktop\downloads\TX\TXLib.h
Compiled:	Sep 16 2026 22:54:08, GNU g++ 4.8.1, std=201103L, MinGW Runtime 3.20, 32-bit, Debug
Started:	Sep 16 2026 22:57:53

Run file:	C:\Users\Kate\Desktop\Дединский СИ Tasks\Task4 string sorting\main.exe
Directory:	C:\Users\Kate\Desktop\Дединский СИ Tasks\Task4 string sorting

--------------------------------------------------

--------------------------------------------------
TXLib соболезнует...

Программа: C:\Users\Kate\Desktop\Дединский СИ Tasks\Task4 string sorting\main.exe,

ВНЕЗАПНО: signal (22, 0x00): SIGABRT: Аварийное завершение программы, вызвана функция abort(). 

С помощью функции signal() вы можете сами обработать эту ошибку.

#1: TXLib [Ver: 00173a, Rev: 175, Date: 2025-12-31 23:02:50 +0400], Instance: 0x004F61DC (32-bit), Flags: Cmdre0, Thread: 0x1F28 (Main). 

--------------------------------------------------
Стек вызовов:

# 0 0x0040B361 in C:\Users\Kate\Desktop\Дединский СИ Tasks\Task4 string sorting\main.exe: (anonymous namespace)::TX::_txOnSignal()
# 1 0x757A8F03 in C:\WINDOWS\System32\msvcrt.dll: raise()
# 2 0x757AD3CB in C:\WINDOWS\System32\msvcrt.dll: abort()
# 3 0x757A9D47 in C:\WINDOWS\System32\msvcrt.dll: assert()
# 4 0x0041EBB0 in C:\Users\Kate\Desktop\Дединский СИ Tasks\Task4 string sorting\main.exe: myStrcmp()
# 5 0x0041ED5F in C:\Users\Kate\Desktop\Дединский СИ Tasks\Task4 string sorting\main.exe: compareLeftToRight()
# 6 0x0041EDEA in C:\Users\Kate\Desktop\Дединский СИ Tasks\Task4 string sorting\main.exe: bubbleSort()
# 7 0x0041E923 in C:\Users\Kate\Desktop\Дединский СИ Tasks\Task4 string sorting\main.exe: main()

TXLib печалится: Нет информации об исходных файлах. Вы не забыли опцию -g при компиляции?

--------------------------------------------------
Developed with:

The Dumb Artist Library (TX Library)
TXLib [Ver: 00173a, Rev: 175, Date: 2025-12-31 23:02:50 +0400]
Copyright (C) Ded (Ilya Dedinsky, http://txlib.ru) <mail@txlib.ru>
See license on: http://txlib.ru

TXLib file:	C:\Users\Kate\Desktop\downloads\TX\TXLib.h
Compiled:	Sep 16 2026 22:54:08, GNU g++ 4.8.1, std=201103L, MinGW Runtime 3.20, 32-bit, Debug
Started:	Sep 16 2026 22:58:34

Run file:	C:\Users\Kate\Desktop\Дединский СИ Tasks\Task4 string sorting\main.exe
Directory:	C:\Users\Kate\Desktop\Дединский СИ Tasks\Task4 string sorting

--------------------------------------------------

--------------------------------------------------
TXLib соболезнует...

Программа: C:\Users\Kate\Desktop\Дединский СИ Tasks\Task4 string sorting\main.exe,

ВНЕЗАПНО: signal (22, 0x00): SIGABRT: Аварийное завершение программы, вызвана функция abort(). 

С помощью функции signal() вы можете сами обработать эту ошибку.

#1: TXLib [Ver: 00173a, Rev: 175, Date: 2025-12-31 23:02:50 +0400], Instance: 0x004F61DC (32-bit), Flags: Cmdre0, Thread: 0x6BC4 (Main). 

--------------------------------------------------
Стек вызовов:

# 0 0x0040B361 in C:\Users\Kate\Desktop\Дединский СИ Tasks\Task4 string sorting\main.exe: (anonymous namespace)::TX::_txOnSignal()
# 1 0x757A8F03 in C:\WINDOWS\System32\msvcrt.dll: raise()
# 2 0x757AD3CB in C:\WINDOWS\System32\msvcrt.dll: abort()
# 3 0x757A9D47 in C:\WINDOWS\System32\msvcrt.dll: assert()
# 4 0x0041EBB0 in C:\Users\Kate\Desktop\Дединский СИ Tasks\Task4 string sorting\main.exe: myStrcmp()
# 5 0x0041ED5F in C:\Users\Kate\Desktop\Дединский СИ Tasks\Task4 string sorting\main.exe: compareLeftToRight()
# 6 0x0041EDEA in C:\Users\Kate\Desktop\Дединский СИ Tasks\Task4 string sorting\main.exe: bubbleSort()
# 7 0x0041E923 in C:\Users\Kate\Desktop\Дединский СИ Tasks\Task4 string sorting\main.exe: main()

TXLib печалится: Нет информации об исходных файлах. Вы не забыли опцию -g при компиляции?

--------------------------------------------------
Developed with:

The Dumb Artist Library (TX Library)
TXLib [Ver: 00173a, Rev: 175, Date: 2025-12-31 23:02:50 +0400]
Copyright (C) Ded (Ilya Dedinsky, http://txlib.ru) <mail@txlib.ru>
See license on: http://txlib.ru

TXLib file:	C:\Users\Kate\Desktop\downloads\TX\TXLib.h
Compiled:	Sep 16 2026 22:54:08, GNU g++ 4.8.1, std=201103L, MinGW Runtime 3.20, 32-bit, Debug
Started:	Sep 16 2026 22:59:09

Run file:	C:\Users\Kate\Desktop\Дединский СИ Tasks\Task4 string sorting\main.exe
Directory:	C:\Users\Kate\Desktop\Дединский СИ Tasks\Task4 string sorting

--------------------------------------------------

--------------------------------------------------
TXLib соболезнует...

Программа: C:\Users\Kate\Desktop\Дединский СИ Tasks\Task4 string sorting\main.exe,

ВНЕЗАПНО: signal (22, 0x00): SIGABRT: Аварийное завершение программы, вызвана функция abort(). 

С помощью функции signal() вы можете сами обработать эту ошибку.

#1: TXLib [Ver: 00173a, Rev: 175, Date: 2025-12-31 23:02:50 +0400], Instance: 0x004F61DC (32-bit), Flags: Cmdre0, Thread: 0x1358 (Main). 

--------------------------------------------------
Стек вызовов:

# 0 0x0040B361 in C:\Users\Kate\Desktop\Дединский СИ Tasks\Task4 string sorting\main.exe: (anonymous namespace)::TX::_txOnSignal()
# 1 0x757A8F03 in C:\WINDOWS\System32\msvcrt.dll: raise()
# 2 0x757AD3CB in C:\WINDOWS\System32\msvcrt.dll: abort()
# 3 0x757A9D47 in C:\WINDOWS\System32\msvcrt.dll: assert()
# 4 0x0041EBB0 in C:\Users\Kate\Desktop\Дединский СИ Tasks\Task4 string sorting\main.exe: myStrcmp()
# 5 0x0041ED5F in C:\Users\Kate\Desktop\Дединский СИ Tasks\Task4 string sorting\main.exe: compareLeftToRight()
# 6 0x0041EDEA in C:\Users\Kate\Desktop\Дединский СИ Tasks\Task4 string sorting\main.exe: bubbleSort()
# 7 0x0041E923 in C:\Users\Kate\Desktop\Дединский СИ Tasks\Task4 string sorting\main.exe: main()

TXLib печалится: Нет информации об исходных файлах. Вы не забыли опцию -g при компиляции?

--------------------------------------------------
Developed with:

The Dumb Artist Library (TX Library)
TXLib [Ver: 00173a, Rev: 175, Date: 2025-12-31 23:02:50 +0400]
Copyright (C) Ded (Ilya Dedinsky, http://txlib.ru) <mail@txlib.ru>
See license on: http://txlib.ru

TXLib file:	C:\Users\Kate\Desktop\downloads\TX\TXLib.h
Compiled:	Sep 16 2026 22:54:08, GNU g++ 4.8.1, std=201103L, MinGW Runtime 3.20, 32-bit, Debug
Started:	Sep 16 2026 23:00:58

Run file:	C:\Users\Kate\Desktop\Дединский СИ Tasks\Task4 string sorting\main.exe
Directory:	C:\Users\Kate\Desktop\Дединский СИ Tasks\Task4 string sorting

--------------------------------------------------

--------------------------------------------------
TXLib соболезнует...

Программа: C:\Users\Kate\Desktop\Дединский СИ Tasks\Task4 string sorting\main.exe,

ВНЕЗАПНО: signal (22, 0x00): SIGABRT: Аварийное завершение программы, вызвана функция abort(). 

С помощью функции signal() вы можете сами обработать эту ошибку.

#1: TXLib [Ver: 00173a, Rev: 175, Date: 2025-12-31 23:02:50 +0400], Instance: 0x004F61DC (32-bit), Flags: Cmdre0, Thread: 0x4F30 (Main). 

--------------------------------------------------
Стек вызовов:

# 0 0x0040B361 in C:\Users\Kate\Desktop\Дединский СИ Tasks\Task4 string sorting\main.exe: (anonymous namespace)::TX::_txOnSignal()
# 1 0x757A8F03 in C:\WINDOWS\System32\msvcrt.dll: raise()
# 2 0x757AD3CB in C:\WINDOWS\System32\msvcrt.dll: abort()
# 3 0x757A9D47 in C:\WINDOWS\System32\msvcrt.dll: assert()
# 4 0x0041EBA4 in C:\Users\Kate\Desktop\Дединский СИ Tasks\Task4 string sorting\main.exe: myStrcmp()
# 5 0x0041ED53 in C:\Users\Kate\Desktop\Дединский СИ Tasks\Task4 string sorting\main.exe: compareLeftToRight()
# 6 0x0041EDDE in C:\Users\Kate\Desktop\Дединский СИ Tasks\Task4 string sorting\main.exe: bubbleSort()
# 7 0x0041E923 in C:\Users\Kate\Desktop\Дединский СИ Tasks\Task4 string sorting\main.exe: main()

TXLib печалится: Нет информации об исходных файлах. Вы не забыли опцию -g при компиляции?

--------------------------------------------------
Developed with:

The Dumb Artist Library (TX Library)
TXLib [Ver: 00173a, Rev: 175, Date: 2025-12-31 23:02:50 +0400]
Copyright (C) Ded (Ilya Dedinsky, http://txlib.ru) <mail@txlib.ru>
See license on: http://txlib.ru

TXLib file:	C:\Users\Kate\Desktop\downloads\TX\TXLib.h
Compiled:	Sep 16 2026 23:01:34, GNU g++ 4.8.1, std=201103L, MinGW Runtime 3.20, 32-bit, Debug
Started:	Sep 16 2026 23:01:38

Run file:	C:\Users\Kate\Desktop\Дединский СИ Tasks\Task4 string sorting\main.exe
Directory:	C:\Users\Kate\Desktop\Дединский СИ Tasks\Task4 string sorting

--------------------------------------------------

--------------------------------------------------
TXLib предупреждает:

Программа: C:\Users\Kate\Desktop\Дединский СИ Tasks\Task4 string sorting\main.exe,

ВНЕЗАПНО: Нарушение доступа к памяти.

#1: Исключение EXCEPTION_ACCESS_VIOLATION (0xC0000005) при выполнении кода по адресу 0x0041EC59 в функции myStrcmp(). Попытка прочесть данные по адресу 0x00000005 в модуле C:\Users\Kate\Desktop\Дединский СИ Tasks\Task4 string sorting\main.exe. Спасибо _txUnhandledExceptionFilter(), что сообщил. Люблю его <3

#1: TXLib [Ver: 00173a, Rev: 175, Date: 2025-12-31 23:02:50 +0400], Instance: 0x004F61DC (32-bit), Flags: Cmdre0, Thread: 0x3B78 (Main). 

--------------------------------------------------
Стек вызовов:

# 0 0x0041EC59 in C:\Users\Kate\Desktop\Дединский СИ Tasks\Task4 string sorting\main.exe: myStrcmp()
# 1 0x0041ED9B in C:\Users\Kate\Desktop\Дединский СИ Tasks\Task4 string sorting\main.exe: compareLeftToRight()
# 2 0x0041EE26 in C:\Users\Kate\Desktop\Дединский СИ Tasks\Task4 string sorting\main.exe: bubbleSort()
# 3 0x0041E937 in C:\Users\Kate\Desktop\Дединский СИ Tasks\Task4 string sorting\main.exe: main()

TXLib печалится: Нет информации об исходных файлах. Вы не забыли опцию -g при компиляции?

--------------------------------------------------
Developed with:

The Dumb Artist Library (TX Library)
TXLib [Ver: 00173a, Rev: 175, Date: 2025-12-31 23:02:50 +0400]
Copyright (C) Ded (Ilya Dedinsky, http://txlib.ru) <mail@txlib.ru>
See license on: http://txlib.ru

TXLib file:	C:\Users\Kate\Desktop\downloads\TX\TXLib.h
Compiled:	Sep 16 2026 23:41:31, GNU g++ 4.8.1, std=201103L, MinGW Runtime 3.20, 32-bit, Debug
Started:	Sep 16 2026 23:41:34

Run file:	C:\Users\Kate\Desktop\Дединский СИ Tasks\Task4 string sorting\main.exe
Directory:	C:\Users\Kate\Desktop\Дединский СИ Tasks\Task4 string sorting

--------------------------------------------------

--------------------------------------------------
TXLib соболезнует...

Программа: C:\Users\Kate\Desktop\Дединский СИ Tasks\Task4 string sorting\main.exe,

ВНЕЗАПНО: signal (11, 0x00): SIGSEGV: Доступ по неверному указателю. Ставьте ассерты! 

Нарушение доступа к памяти.

#1: Исключение EXCEPTION_ACCESS_VIOLATION (0xC0000005) при выполнении кода по адресу 0x0041EC59 в функции myStrcmp(). Попытка прочесть данные по адресу 0x00000005 в модуле C:\Users\Kate\Desktop\Дединский СИ Tasks\Task4 string sorting\main.exe. Спасибо _txUnhandledExceptionFilter(), что сообщил. Люблю его <3

С помощью функции signal() вы можете сами обработать эту ошибку.

#2: TXLib [Ver: 00173a, Rev: 175, Date: 2025-12-31 23:02:50 +0400], Instance: 0x004F61DC (32-bit), Flags: Cmdre0, Thread: 0x3B78 (Main). 

--------------------------------------------------
Стек вызовов:

# 0 0x0041EC59 in C:\Users\Kate\Desktop\Дединский СИ Tasks\Task4 string sorting\main.exe: myStrcmp()
# 1 0x0041ED9B in C:\Users\Kate\Desktop\Дединский СИ Tasks\Task4 string sorting\main.exe: compareLeftToRight()
# 2 0x0041EE26 in C:\Users\Kate\Desktop\Дединский СИ Tasks\Task4 string sorting\main.exe: bubbleSort()
# 3 0x0041E937 in C:\Users\Kate\Desktop\Дединский СИ Tasks\Task4 string sorting\main.exe: main()

TXLib печалится: Нет информации об исходных файлах. Вы не забыли опцию -g при компиляции?

--------------------------------------------------
Developed with:

The Dumb Artist Library (TX Library)
TXLib [Ver: 00173a, Rev: 175, Date: 2025-12-31 23:02:50 +0400]
Copyright (C) Ded (Ilya Dedinsky, http://txlib.ru) <mail@txlib.ru>
See license on: http://txlib.ru

TXLib file:	C:\Users\Kate\Desktop\downloads\TX\TXLib.h
Compiled:	Sep 16 2026 23:41:31, GNU g++ 4.8.1, std=201103L, MinGW Runtime 3.20, 32-bit, Debug
Started:	Sep 16 2026 23:41:34

Run file:	C:\Users\Kate\Desktop\Дединский СИ Tasks\Task4 string sorting\main.exe
Directory:	C:\Users\Kate\Desktop\Дединский СИ Tasks\Task4 string sorting

--------------------------------------------------

--------------------------------------------------
TXLib предупреждает:

Программа: C:\Users\Kate\Desktop\Дединский СИ Tasks\Task4 string sorting\main.exe,

ВНЕЗАПНО: Нарушение доступа к памяти.

#1: Исключение EXCEPTION_ACCESS_VIOLATION (0xC0000005) при выполнении кода по адресу 0x0041EC59 в функции myStrcmp(). Попытка прочесть данные по адресу 0x00000005 в модуле C:\Users\Kate\Desktop\Дединский СИ Tasks\Task4 string sorting\main.exe. Спасибо _txUnhandledExceptionFilter(), что сообщил. Люблю его <3

#1: TXLib [Ver: 00173a, Rev: 175, Date: 2025-12-31 23:02:50 +0400], Instance: 0x004F61DC (32-bit), Flags: Cmdre0, Thread: 0x4E58 (Main). 

--------------------------------------------------
Стек вызовов:

# 0 0x0041EC59 in C:\Users\Kate\Desktop\Дединский СИ Tasks\Task4 string sorting\main.exe: myStrcmp()
# 1 0x0041ED9B in C:\Users\Kate\Desktop\Дединский СИ Tasks\Task4 string sorting\main.exe: compareLeftToRight()
# 2 0x0041EE26 in C:\Users\Kate\Desktop\Дединский СИ Tasks\Task4 string sorting\main.exe: bubbleSort()
# 3 0x0041E937 in C:\Users\Kate\Desktop\Дединский СИ Tasks\Task4 string sorting\main.exe: main()

TXLib печалится: Нет информации об исходных файлах. Вы не забыли опцию -g при компиляции?

--------------------------------------------------
Developed with:

The Dumb Artist Library (TX Library)
TXLib [Ver: 00173a, Rev: 175, Date: 2025-12-31 23:02:50 +0400]
Copyright (C) Ded (Ilya Dedinsky, http://txlib.ru) <mail@txlib.ru>
See license on: http://txlib.ru

TXLib file:	C:\Users\Kate\Desktop\downloads\TX\TXLib.h
Compiled:	Sep 16 2026 23:41:31, GNU g++ 4.8.1, std=201103L, MinGW Runtime 3.20, 32-bit, Debug
Started:	Sep 16 2026 23:44:20

Run file:	C:\Users\Kate\Desktop\Дединский СИ Tasks\Task4 string sorting\main.exe
Directory:	C:\Users\Kate\Desktop\Дединский СИ Tasks\Task4 string sorting

--------------------------------------------------

--------------------------------------------------
TXLib соболезнует...

Программа: C:\Users\Kate\Desktop\Дединский СИ Tasks\Task4 string sorting\main.exe,

ВНЕЗАПНО: signal (11, 0x00): SIGSEGV: Доступ по неверному указателю. Ставьте ассерты! 

Нарушение доступа к памяти.

#1: Исключение EXCEPTION_ACCESS_VIOLATION (0xC0000005) при выполнении кода по адресу 0x0041EC59 в функции myStrcmp(). Попытка прочесть данные по адресу 0x00000005 в модуле C:\Users\Kate\Desktop\Дединский СИ Tasks\Task4 string sorting\main.exe. Спасибо _txUnhandledExceptionFilter(), что сообщил. Люблю его <3

С помощью функции signal() вы можете сами обработать эту ошибку.

#2: TXLib [Ver: 00173a, Rev: 175, Date: 2025-12-31 23:02:50 +0400], Instance: 0x004F61DC (32-bit), Flags: Cmdre0, Thread: 0x4E58 (Main). 

--------------------------------------------------
Стек вызовов:

# 0 0x0041EC59 in C:\Users\Kate\Desktop\Дединский СИ Tasks\Task4 string sorting\main.exe: myStrcmp()
# 1 0x0041ED9B in C:\Users\Kate\Desktop\Дединский СИ Tasks\Task4 string sorting\main.exe: compareLeftToRight()
# 2 0x0041EE26 in C:\Users\Kate\Desktop\Дединский СИ Tasks\Task4 string sorting\main.exe: bubbleSort()
# 3 0x0041E937 in C:\Users\Kate\Desktop\Дединский СИ Tasks\Task4 string sorting\main.exe: main()

TXLib печалится: Нет информации об исходных файлах. Вы не забыли опцию -g при компиляции?

--------------------------------------------------
Developed with:

The Dumb Artist Library (TX Library)
TXLib [Ver: 00173a, Rev: 175, Date: 2025-12-31 23:02:50 +0400]
Copyright (C) Ded (Ilya Dedinsky, http://txlib.ru) <mail@txlib.ru>
See license on: http://txlib.ru

TXLib file:	C:\Users\Kate\Desktop\downloads\TX\TXLib.h
Compiled:	Sep 16 2026 23:41:31, GNU g++ 4.8.1, std=201103L, MinGW Runtime 3.20, 32-bit, Debug
Started:	Sep 16 2026 23:44:20

Run file:	C:\Users\Kate\Desktop\Дединский СИ Tasks\Task4 string sorting\main.exe
Directory:	C:\Users\Kate\Desktop\Дединский СИ Tasks\Task4 string sorting

--------------------------------------------------

--------------------------------------------------
TXLib предупреждает:

Программа: C:\Users\Kate\Desktop\Дединский СИ Tasks\Task4 string sorting\main.exe,

ВНЕЗАПНО: Нарушение доступа к памяти.

#1: Исключение EXCEPTION_ACCESS_VIOLATION (0xC0000005) при выполнении кода по адресу 0x0041EC59 в функции myStrcmp(). Попытка прочесть данные по адресу 0x00000005 в модуле C:\Users\Kate\Desktop\Дединский СИ Tasks\Task4 string sorting\main.exe. Спасибо _txUnhandledExceptionFilter(), что сообщил. Люблю его <3

#1: TXLib [Ver: 00173a, Rev: 175, Date: 2025-12-31 23:02:50 +0400], Instance: 0x004F61DC (32-bit), Flags: Cmdre0, Thread: 0x68E0 (Main). 

--------------------------------------------------
Стек вызовов:

# 0 0x0041EC59 in C:\Users\Kate\Desktop\Дединский СИ Tasks\Task4 string sorting\main.exe: myStrcmp()
# 1 0x0041ED9B in C:\Users\Kate\Desktop\Дединский СИ Tasks\Task4 string sorting\main.exe: compareLeftToRight()
# 2 0x0041EE26 in C:\Users\Kate\Desktop\Дединский СИ Tasks\Task4 string sorting\main.exe: bubbleSort()
# 3 0x0041E937 in C:\Users\Kate\Desktop\Дединский СИ Tasks\Task4 string sorting\main.exe: main()

TXLib печалится: Нет информации об исходных файлах. Вы не забыли опцию -g при компиляции?

--------------------------------------------------
Developed with:

The Dumb Artist Library (TX Library)
TXLib [Ver: 00173a, Rev: 175, Date: 2025-12-31 23:02:50 +0400]
Copyright (C) Ded (Ilya Dedinsky, http://txlib.ru) <mail@txlib.ru>
See license on: http://txlib.ru

TXLib file:	C:\Users\Kate\Desktop\downloads\TX\TXLib.h
Compiled:	Sep 16 2026 23:41:31, GNU g++ 4.8.1, std=201103L, MinGW Runtime 3.20, 32-bit, Debug
Started:	Sep 16 2026 23:45:36

Run file:	C:\Users\Kate\Desktop\Дединский СИ Tasks\Task4 string sorting\main.exe
Directory:	C:\Users\Kate\Desktop\Дединский СИ Tasks\Task4 string sorting

--------------------------------------------------

--------------------------------------------------
TXLib соболезнует...

Программа: C:\Users\Kate\Desktop\Дединский СИ Tasks\Task4 string sorting\main.exe,

ВНЕЗАПНО: signal (11, 0x00): SIGSEGV: Доступ по неверному указателю. Ставьте ассерты! 

Нарушение доступа к памяти.

#1: Исключение EXCEPTION_ACCESS_VIOLATION (0xC0000005) при выполнении кода по адресу 0x0041EC59 в функции myStrcmp(). Попытка прочесть данные по адресу 0x00000005 в модуле C:\Users\Kate\Desktop\Дединский СИ Tasks\Task4 string sorting\main.exe. Спасибо _txUnhandledExceptionFilter(), что сообщил. Люблю его <3

С помощью функции signal() вы можете сами обработать эту ошибку.

#2: TXLib [Ver: 00173a, Rev: 175, Date: 2025-12-31 23:02:50 +0400], Instance: 0x004F61DC (32-bit), Flags: Cmdre0, Thread: 0x68E0 (Main). 

--------------------------------------------------
Стек вызовов:

# 0 0x0041EC59 in C:\Users\Kate\Desktop\Дединский СИ Tasks\Task4 string sorting\main.exe: myStrcmp()
# 1 0x0041ED9B in C:\Users\Kate\Desktop\Дединский СИ Tasks\Task4 string sorting\main.exe: compareLeftToRight()
# 2 0x0041EE26 in C:\Users\Kate\Desktop\Дединский СИ Tasks\Task4 string sorting\main.exe: bubbleSort()
# 3 0x0041E937 in C:\Users\Kate\Desktop\Дединский СИ Tasks\Task4 string sorting\main.exe: main()

TXLib печалится: Нет информации об исходных файлах. Вы не забыли опцию -g при компиляции?

--------------------------------------------------
Developed with:

The Dumb Artist Library (TX Library)
TXLib [Ver: 00173a, Rev: 175, Date: 2025-12-31 23:02:50 +0400]
Copyright (C) Ded (Ilya Dedinsky, http://txlib.ru) <mail@txlib.ru>
See license on: http://txlib.ru

TXLib file:	C:\Users\Kate\Desktop\downloads\TX\TXLib.h
Compiled:	Sep 16 2026 23:41:31, GNU g++ 4.8.1, std=201103L, MinGW Runtime 3.20, 32-bit, Debug
Started:	Sep 16 2026 23:45:36

Run file:	C:\Users\Kate\Desktop\Дединский СИ Tasks\Task4 string sorting\main.exe
Directory:	C:\Users\Kate\Desktop\Дединский СИ Tasks\Task4 string sorting

--------------------------------------------------

--------------------------------------------------
TXLib предупреждает:

Программа: C:\Users\Kate\Desktop\Дединский СИ Tasks\Task4 string sorting\main.exe,

ВНЕЗАПНО: Нарушение доступа к памяти.

#1: Исключение EXCEPTION_ACCESS_VIOLATION (0xC0000005) при выполнении кода по адресу 0x0041EC59 в функции myStrcmp(). Попытка прочесть данные по адресу 0x00000005 в модуле C:\Users\Kate\Desktop\Дединский СИ Tasks\Task4 string sorting\main.exe. Спасибо _txUnhandledExceptionFilter(), что сообщил. Люблю его <3

#1: TXLib [Ver: 00173a, Rev: 175, Date: 2025-12-31 23:02:50 +0400], Instance: 0x004F61DC (32-bit), Flags: Cmdre0, Thread: 0x5C84 (Main). 

--------------------------------------------------
Стек вызовов:

# 0 0x0041EC59 in C:\Users\Kate\Desktop\Дединский СИ Tasks\Task4 string sorting\main.exe: myStrcmp()
# 1 0x0041ED9B in C:\Users\Kate\Desktop\Дединский СИ Tasks\Task4 string sorting\main.exe: compareLeftToRight()
# 2 0x0041EE26 in C:\Users\Kate\Desktop\Дединский СИ Tasks\Task4 string sorting\main.exe: bubbleSort()
# 3 0x0041E937 in C:\Users\Kate\Desktop\Дединский СИ Tasks\Task4 string sorting\main.exe: main()

TXLib печалится: Нет информации об исходных файлах. Вы не забыли опцию -g при компиляции?

--------------------------------------------------
Developed with:

The Dumb Artist Library (TX Library)
TXLib [Ver: 00173a, Rev: 175, Date: 2025-12-31 23:02:50 +0400]
Copyright (C) Ded (Ilya Dedinsky, http://txlib.ru) <mail@txlib.ru>
See license on: http://txlib.ru

TXLib file:	C:\Users\Kate\Desktop\downloads\TX\TXLib.h
Compiled:	Sep 16 2026 23:41:31, GNU g++ 4.8.1, std=201103L, MinGW Runtime 3.20, 32-bit, Debug
Started:	Sep 16 2026 23:47:15

Run file:	C:\Users\Kate\Desktop\Дединский СИ Tasks\Task4 string sorting\main.exe
Directory:	C:\Users\Kate\Desktop\Дединский СИ Tasks\Task4 string sorting

--------------------------------------------------

--------------------------------------------------
TXLib соболезнует...

Программа: C:\Users\Kate\Desktop\Дединский СИ Tasks\Task4 string sorting\main.exe,

ВНЕЗАПНО: signal (11, 0x00): SIGSEGV: Доступ по неверному указателю. Ставьте ассерты! 

Нарушение доступа к памяти.

#1: Исключение EXCEPTION_ACCESS_VIOLATION (0xC0000005) при выполнении кода по адресу 0x0041EC59 в функции myStrcmp(). Попытка прочесть данные по адресу 0x00000005 в модуле C:\Users\Kate\Desktop\Дединский СИ Tasks\Task4 string sorting\main.exe. Спасибо _txUnhandledExceptionFilter(), что сообщил. Люблю его <3

С помощью функции signal() вы можете сами обработать эту ошибку.

#2: TXLib [Ver: 00173a, Rev: 175, Date: 2025-12-31 23:02:50 +0400], Instance: 0x004F61DC (32-bit), Flags: Cmdre0, Thread: 0x5C84 (Main). 

--------------------------------------------------
Стек вызовов:

# 0 0x0041EC59 in C:\Users\Kate\Desktop\Дединский СИ Tasks\Task4 string sorting\main.exe: myStrcmp()
# 1 0x0041ED9B in C:\Users\Kate\Desktop\Дединский СИ Tasks\Task4 string sorting\main.exe: compareLeftToRight()
# 2 0x0041EE26 in C:\Users\Kate\Desktop\Дединский СИ Tasks\Task4 string sorting\main.exe: bubbleSort()
# 3 0x0041E937 in C:\Users\Kate\Desktop\Дединский СИ Tasks\Task4 string sorting\main.exe: main()

TXLib печалится: Нет информации об исходных файлах. Вы не забыли опцию -g при компиляции?

--------------------------------------------------
Developed with:

The Dumb Artist Library (TX Library)
TXLib [Ver: 00173a, Rev: 175, Date: 2025-12-31 23:02:50 +0400]
Copyright (C) Ded (Ilya Dedinsky, http://txlib.ru) <mail@txlib.ru>
See license on: http://txlib.ru

TXLib file:	C:\Users\Kate\Desktop\downloads\TX\TXLib.h
Compiled:	Sep 16 2026 23:41:31, GNU g++ 4.8.1, std=201103L, MinGW Runtime 3.20, 32-bit, Debug
Started:	Sep 16 2026 23:47:15

Run file:	C:\Users\Kate\Desktop\Дединский СИ Tasks\Task4 string sorting\main.exe
Directory:	C:\Users\Kate\Desktop\Дединский СИ Tasks\Task4 string sorting

--------------------------------------------------

--------------------------------------------------
TXLib предупреждает:

Программа: C:\Users\Kate\Desktop\Дединский СИ Tasks\Task4 string sorting\main.exe,

ВНЕЗАПНО: Нарушение доступа к памяти.

#1: Исключение EXCEPTION_ACCESS_VIOLATION (0xC0000005) при выполнении кода по адресу 0x757CEE84 в функции ungetwc(). Попытка прочесть данные по адресу 0x0000000A в модуле C:\WINDOWS\System32\msvcrt.dll. Спасибо _txUnhandledExceptionFilter(), что сообщил. Люблю его <3

#1: TXLib [Ver: 00173a, Rev: 175, Date: 2025-12-31 23:02:50 +0400], Instance: 0x004F61DC (32-bit), Flags: Cmdre0, Thread: 0x3EF8 (Main). 

--------------------------------------------------
Стек вызовов:

# 0 0x757CEE84 in C:\WINDOWS\System32\msvcrt.dll: ungetwc()
# 1 0x757C844B in C:\WINDOWS\System32\msvcrt.dll: printf()
# 2 0x0041EB8A in C:\Users\Kate\Desktop\Дединский СИ Tasks\Task4 string sorting\main.exe: writeText()
# 3 0x0041E964 in C:\Users\Kate\Desktop\Дединский СИ Tasks\Task4 string sorting\main.exe: main()

TXLib печалится: Нет информации об исходных файлах. Вы не забыли опцию -g при компиляции?

--------------------------------------------------
Developed with:

The Dumb Artist Library (TX Library)
TXLib [Ver: 00173a, Rev: 175, Date: 2025-12-31 23:02:50 +0400]
Copyright (C) Ded (Ilya Dedinsky, http://txlib.ru) <mail@txlib.ru>
See license on: http://txlib.ru

TXLib file:	C:\Users\Kate\Desktop\downloads\TX\TXLib.h
Compiled:	Sep 17 2026 00:17:51, GNU g++ 4.8.1, std=201103L, MinGW Runtime 3.20, 32-bit, Debug
Started:	Sep 17 2026 00:17:54

Run file:	C:\Users\Kate\Desktop\Дединский СИ Tasks\Task4 string sorting\main.exe
Directory:	C:\Users\Kate\Desktop\Дединский СИ Tasks\Task4 string sorting

--------------------------------------------------

--------------------------------------------------
TXLib соболезнует...

Программа: C:\Users\Kate\Desktop\Дединский СИ Tasks\Task4 string sorting\main.exe,

ВНЕЗАПНО: signal (11, 0x00): SIGSEGV: Доступ по неверному указателю. Ставьте ассерты! 

Нарушение доступа к памяти.

#1: Исключение EXCEPTION_ACCESS_VIOLATION (0xC0000005) при выполнении кода по адресу 0x757CEE84 в функции ungetwc(). Попытка прочесть данные по адресу 0x0000000A в модуле C:\WINDOWS\System32\msvcrt.dll. Спасибо _txUnhandledExceptionFilter(), что сообщил. Люблю его <3

С помощью функции signal() вы можете сами обработать эту ошибку.

#2: TXLib [Ver: 00173a, Rev: 175, Date: 2025-12-31 23:02:50 +0400], Instance: 0x004F61DC (32-bit), Flags: Cmdre0, Thread: 0x3EF8 (Main). 

--------------------------------------------------
Стек вызовов:

# 0 0x757CEE84 in C:\WINDOWS\System32\msvcrt.dll: ungetwc()
# 1 0x757C844B in C:\WINDOWS\System32\msvcrt.dll: printf()
# 2 0x0041EB8A in C:\Users\Kate\Desktop\Дединский СИ Tasks\Task4 string sorting\main.exe: writeText()
# 3 0x0041E964 in C:\Users\Kate\Desktop\Дединский СИ Tasks\Task4 string sorting\main.exe: main()

TXLib печалится: Нет информации об исходных файлах. Вы не забыли опцию -g при компиляции?

--------------------------------------------------
Developed with:

The Dumb Artist Library (TX Library)
TXLib [Ver: 00173a, Rev: 175, Date: 2025-12-31 23:02:50 +0400]
Copyright (C) Ded (Ilya Dedinsky, http://txlib.ru) <mail@txlib.ru>
See license on: http://txlib.ru

TXLib file:	C:\Users\Kate\Desktop\downloads\TX\TXLib.h
Compiled:	Sep 17 2026 00:17:51, GNU g++ 4.8.1, std=201103L, MinGW Runtime 3.20, 32-bit, Debug
Started:	Sep 17 2026 00:17:54

Run file:	C:\Users\Kate\Desktop\Дединский СИ Tasks\Task4 string sorting\main.exe
Directory:	C:\Users\Kate\Desktop\Дединский СИ Tasks\Task4 string sorting

--------------------------------------------------

--------------------------------------------------
TXLib предупреждает:

Программа: C:\Users\Kate\Desktop\Дединский СИ Tasks\Task4 string sorting\main.exe,

ВНЕЗАПНО: Нарушение доступа к памяти.

#1: Исключение EXCEPTION_ACCESS_VIOLATION (0xC0000005) при выполнении кода по адресу 0x757CEE84 в функции ungetwc(). Попытка прочесть данные по адресу 0x0000000A в модуле C:\WINDOWS\System32\msvcrt.dll. Спасибо _txUnhandledExceptionFilter(), что сообщил. Люблю его <3

#1: TXLib [Ver: 00173a, Rev: 175, Date: 2025-12-31 23:02:50 +0400], Instance: 0x004F61DC (32-bit), Flags: Cmdre0, Thread: 0x2F28 (Main). 

--------------------------------------------------
Стек вызовов:

# 0 0x757CEE84 in C:\WINDOWS\System32\msvcrt.dll: ungetwc()
# 1 0x757C844B in C:\WINDOWS\System32\msvcrt.dll: printf()
# 2 0x0041EB8A in C:\Users\Kate\Desktop\Дединский СИ Tasks\Task4 string sorting\main.exe: writeText()
# 3 0x0041E964 in C:\Users\Kate\Desktop\Дединский СИ Tasks\Task4 string sorting\main.exe: main()

TXLib печалится: Нет информации об исходных файлах. Вы не забыли опцию -g при компиляции?

--------------------------------------------------
Developed with:

The Dumb Artist Library (TX Library)
TXLib [Ver: 00173a, Rev: 175, Date: 2025-12-31 23:02:50 +0400]
Copyright (C) Ded (Ilya Dedinsky, http://txlib.ru) <mail@txlib.ru>
See license on: http://txlib.ru

TXLib file:	C:\Users\Kate\Desktop\downloads\TX\TXLib.h
Compiled:	Sep 17 2026 00:18:21, GNU g++ 4.8.1, std=201103L, MinGW Runtime 3.20, 32-bit, Debug
Started:	Sep 17 2026 00:18:24

Run file:	C:\Users\Kate\Desktop\Дединский СИ Tasks\Task4 string sorting\main.exe
Directory:	C:\Users\Kate\Desktop\Дединский СИ Tasks\Task4 string sorting

--------------------------------------------------

--------------------------------------------------
TXLib соболезнует...

Программа: C:\Users\Kate\Desktop\Дединский СИ Tasks\Task4 string sorting\main.exe,

ВНЕЗАПНО: signal (11, 0x00): SIGSEGV: Доступ по неверному указателю. Ставьте ассерты! 

Нарушение доступа к памяти.

#1: Исключение EXCEPTION_ACCESS_VIOLATION (0xC0000005) при выполнении кода по адресу 0x757CEE84 в функции ungetwc(). Попытка прочесть данные по адресу 0x0000000A в модуле C:\WINDOWS\System32\msvcrt.dll. Спасибо _txUnhandledExceptionFilter(), что сообщил. Люблю его <3

С помощью функции signal() вы можете сами обработать эту ошибку.

#2: TXLib [Ver: 00173a, Rev: 175, Date: 2025-12-31 23:02:50 +0400], Instance: 0x004F61DC (32-bit), Flags: Cmdre0, Thread: 0x2F28 (Main). 

--------------------------------------------------
Стек вызовов:

# 0 0x757CEE84 in C:\WINDOWS\System32\msvcrt.dll: ungetwc()
# 1 0x757C844B in C:\WINDOWS\System32\msvcrt.dll: printf()
# 2 0x0041EB8A in C:\Users\Kate\Desktop\Дединский СИ Tasks\Task4 string sorting\main.exe: writeText()
# 3 0x0041E964 in C:\Users\Kate\Desktop\Дединский СИ Tasks\Task4 string sorting\main.exe: main()

TXLib печалится: Нет информации об исходных файлах. Вы не забыли опцию -g при компиляции?

--------------------------------------------------
Developed with:

The Dumb Artist Library (TX Library)
TXLib [Ver: 00173a, Rev: 175, Date: 2025-12-31 23:02:50 +0400]
Copyright (C) Ded (Ilya Dedinsky, http://txlib.ru) <mail@txlib.ru>
See license on: http://txlib.ru

TXLib file:	C:\Users\Kate\Desktop\downloads\TX\TXLib.h
Compiled:	Sep 17 2026 00:18:21, GNU g++ 4.8.1, std=201103L, MinGW Runtime 3.20, 32-bit, Debug
Started:	Sep 17 2026 00:18:24

Run file:	C:\Users\Kate\Desktop\Дединский СИ Tasks\Task4 string sorting\main.exe
Directory:	C:\Users\Kate\Desktop\Дединский СИ Tasks\Task4 string sorting

--------------------------------------------------
