
--------------------------------------------------
TXLib соболезнует...

Программа: C:\Users\Kate\Desktop\Дединский СИ Tasks\Task4 string sorting\string-sorting.exe,

ВНЕЗАПНО: signal (22, 0x00): SIGABRT: Аварийное завершение программы, вызвана функция abort(). 

С помощью функции signal() вы можете сами обработать эту ошибку.

#1: TXLib [Ver: 00173a, Rev: 175, Date: 2025-12-31 23:02:50 +0400], Instance: 0x004F61DC (32-bit), Flags: Cmdre0, Thread: 0x5D50 (Main), GetLastError(): 2 (Не удается найти указанный файл), errno: 2 (No such file or directory), _doserrno: 2 (No such file or directory). 

--------------------------------------------------
Стек вызовов:

# 0 0x0040B361 in C:\Users\Kate\Desktop\Дединский СИ Tasks\Task4 string sorting\string-sorting.exe: (anonymous namespace)::TX::_txOnSignal()
# 1 0x757A8F03 in C:\WINDOWS\System32\msvcrt.dll: raise()
# 2 0x757AD3CB in C:\WINDOWS\System32\msvcrt.dll: abort()
# 3 0x757A9D47 in C:\WINDOWS\System32\msvcrt.dll: assert()
# 4 0x0041EA52 in C:\Users\Kate\Desktop\Дединский СИ Tasks\Task4 string sorting\string-sorting.exe: readText()
# 5 0x0041E8E9 in C:\Users\Kate\Desktop\Дединский СИ Tasks\Task4 string sorting\string-sorting.exe: main()

TXLib печалится: Нет информации об исходных файлах. Вы не забыли опцию -g при компиляции?

--------------------------------------------------
Developed with:

The Dumb Artist Library (TX Library)
TXLib [Ver: 00173a, Rev: 175, Date: 2025-12-31 23:02:50 +0400]
Copyright (C) Ded (Ilya Dedinsky, http://txlib.ru) <mail@txlib.ru>
See license on: http://txlib.ru

TXLib file:	C:\Users\Kate\Desktop\downloads\TX\TXLib.h
Compiled:	Sep 17 2026 16:31:21, GNU g++ 4.8.1, std=201103L, MinGW Runtime 3.20, 32-bit, Debug
Started:	Sep 17 2026 16:31:46

Run file:	C:\Users\Kate\Desktop\Дединский СИ Tasks\Task4 string sorting\string-sorting.exe
Directory:	C:\Users\Kate\Desktop\Дединский СИ Tasks\Task4 string sorting

--------------------------------------------------
