
--------------------------------------------------
TXLib предупреждает:

Программа: C:\Users\Kate\Desktop\Дединский СИ Tasks\Task4 string sorting\string sorting 1.exe,

ВНЕЗАПНО: Нарушение доступа к памяти.

#1: Исключение EXCEPTION_ACCESS_VIOLATION (0xC0000005) при выполнении кода по адресу 0x00435FBA в функции print_massive() в файле C:/Users/Kate/Desktop/Дединский СИ Tasks/Task4 string sorting/string sorting 1.cpp на строке 69. Попытка прочесть данные по адресу NULL в модуле C:\Users\Kate\Desktop\Дединский СИ Tasks\Task4 string sorting\string sorting 1.exe. Спасибо _txUnhandledExceptionFilter(), что сообщил. Люблю его <3

#1: TXLib [Ver: 00173a, Rev: 175, Date: 2025-12-31 23:02:50 +0400], Instance: 0x005101DC (32-bit), Flags: Cmdre0, Thread: 0x3064 (Main). 

--------------------------------------------------
Стек вызовов:

# 0 0x00435FBA in C:\Users\Kate\Desktop\Дединский СИ Tasks\Task4 string sorting\string sorting 1.exe: print_massive() at C:/Users/Kate/Desktop/Дединский СИ Tasks/Task4 string sorting/string sorting 1.cpp:69:

     67: void print_massive(char* matrix[], size_t length){
     68:     for(size_t i = 0; i < length; i++){
=>   69:         printf("%g ", *(matrix[i]));
     70:     }
     71:     putchar('\n');

# 1 0x00435DF7 in C:\Users\Kate\Desktop\Дединский СИ Tasks\Task4 string sorting\string sorting 1.exe: main() at C:/Users/Kate/Desktop/Дединский СИ Tasks/Task4 string sorting/string sorting 1.cpp:20:

     18:     char* text[5] = {};
     19:     readText("test.txt", text);
=>   20:     print_massive(text, 5);
     21: }
     22: 

--------------------------------------------------
Developed with:

The Dumb Artist Library (TX Library)
TXLib [Ver: 00173a, Rev: 175, Date: 2025-12-31 23:02:50 +0400]
Copyright (C) Ded (Ilya Dedinsky, http://txlib.ru) <mail@txlib.ru>
See license on: http://txlib.ru

TXLib file:	C:\Users\Kate\Desktop\downloads\TX\TXLib.h
Compiled:	Sep 15 2026 20:02:08, GNU g++ 4.8.1, std=201103L, MinGW Runtime 3.20, 32-bit, DEBUG
Started:	Sep 15 2026 20:02:14

Run file:	C:\Users\Kate\Desktop\Дединский СИ Tasks\Task4 string sorting\string sorting 1.exe
Directory:	C:\Users\Kate\Desktop\Дединский СИ Tasks\Task4 string sorting

--------------------------------------------------

--------------------------------------------------
TXLib соболезнует...

Программа: C:\Users\Kate\Desktop\Дединский СИ Tasks\Task4 string sorting\string sorting 1.exe,

ВНЕЗАПНО: signal (11, 0x00): SIGSEGV: Доступ по неверному указателю. Ставьте ассерты! 

Нарушение доступа к памяти.

#1: Исключение EXCEPTION_ACCESS_VIOLATION (0xC0000005) при выполнении кода по адресу 0x00435FBA в функции print_massive() в файле C:/Users/Kate/Desktop/Дединский СИ Tasks/Task4 string sorting/string sorting 1.cpp на строке 69. Попытка прочесть данные по адресу NULL в модуле C:\Users\Kate\Desktop\Дединский СИ Tasks\Task4 string sorting\string sorting 1.exe. Спасибо _txUnhandledExceptionFilter(), что сообщил. Люблю его <3

С помощью функции signal() вы можете сами обработать эту ошибку.

#2: TXLib [Ver: 00173a, Rev: 175, Date: 2025-12-31 23:02:50 +0400], Instance: 0x005101DC (32-bit), Flags: Cmdre0, Thread: 0x3064 (Main). 

--------------------------------------------------
Стек вызовов:

# 0 0x00435FBA in C:\Users\Kate\Desktop\Дединский СИ Tasks\Task4 string sorting\string sorting 1.exe: print_massive() at C:/Users/Kate/Desktop/Дединский СИ Tasks/Task4 string sorting/string sorting 1.cpp:69:

     67: void print_massive(char* matrix[], size_t length){
     68:     for(size_t i = 0; i < length; i++){
=>   69:         printf("%g ", *(matrix[i]));
     70:     }
     71:     putchar('\n');

# 1 0x00435DF7 in C:\Users\Kate\Desktop\Дединский СИ Tasks\Task4 string sorting\string sorting 1.exe: main() at C:/Users/Kate/Desktop/Дединский СИ Tasks/Task4 string sorting/string sorting 1.cpp:20:

     18:     char* text[5] = {};
     19:     readText("test.txt", text);
=>   20:     print_massive(text, 5);
     21: }
     22: 

--------------------------------------------------
Developed with:

The Dumb Artist Library (TX Library)
TXLib [Ver: 00173a, Rev: 175, Date: 2025-12-31 23:02:50 +0400]
Copyright (C) Ded (Ilya Dedinsky, http://txlib.ru) <mail@txlib.ru>
See license on: http://txlib.ru

TXLib file:	C:\Users\Kate\Desktop\downloads\TX\TXLib.h
Compiled:	Sep 15 2026 20:02:08, GNU g++ 4.8.1, std=201103L, MinGW Runtime 3.20, 32-bit, DEBUG
Started:	Sep 15 2026 20:02:14

Run file:	C:\Users\Kate\Desktop\Дединский СИ Tasks\Task4 string sorting\string sorting 1.exe
Directory:	C:\Users\Kate\Desktop\Дединский СИ Tasks\Task4 string sorting

--------------------------------------------------

--------------------------------------------------
TXLib предупреждает:

Программа: C:\Users\Kate\Desktop\Дединский СИ Tasks\Task4 string sorting\string sorting 1.exe,

ВНЕЗАПНО: Нарушение доступа к памяти.

#1: Исключение EXCEPTION_ACCESS_VIOLATION (0xC0000005) при выполнении кода по адресу 0x00435FBA в функции print_massive() в файле C:/Users/Kate/Desktop/Дединский СИ Tasks/Task4 string sorting/string sorting 1.cpp на строке 69. Попытка прочесть данные по адресу NULL в модуле C:\Users\Kate\Desktop\Дединский СИ Tasks\Task4 string sorting\string sorting 1.exe. Спасибо _txUnhandledExceptionFilter(), что сообщил. Люблю его <3

#1: TXLib [Ver: 00173a, Rev: 175, Date: 2025-12-31 23:02:50 +0400], Instance: 0x005101DC (32-bit), Flags: Cmdre0, Thread: 0x1A4C (Main). 

--------------------------------------------------
Стек вызовов:

# 0 0x00435FBA in C:\Users\Kate\Desktop\Дединский СИ Tasks\Task4 string sorting\string sorting 1.exe: print_massive() at C:/Users/Kate/Desktop/Дединский СИ Tasks/Task4 string sorting/string sorting 1.cpp:69:

     67: void print_massive(char* matrix[], size_t length){
     68:     for(size_t i = 0; i < length; i++){
=>   69:         printf("%g ", *(matrix[i]));
     70:     }
     71:     putchar('\n');

# 1 0x00435DF7 in C:\Users\Kate\Desktop\Дединский СИ Tasks\Task4 string sorting\string sorting 1.exe: main() at C:/Users/Kate/Desktop/Дединский СИ Tasks/Task4 string sorting/string sorting 1.cpp:20:

     18:     char* text[5] = {};
     19:     readText("test.txt", text);
=>   20:     print_massive(text, 5);
     21: }
     22: 

--------------------------------------------------
Developed with:

The Dumb Artist Library (TX Library)
TXLib [Ver: 00173a, Rev: 175, Date: 2025-12-31 23:02:50 +0400]
Copyright (C) Ded (Ilya Dedinsky, http://txlib.ru) <mail@txlib.ru>
See license on: http://txlib.ru

TXLib file:	C:\Users\Kate\Desktop\downloads\TX\TXLib.h
Compiled:	Sep 15 2026 20:02:24, GNU g++ 4.8.1, std=201103L, MinGW Runtime 3.20, 32-bit, DEBUG
Started:	Sep 15 2026 20:02:27

Run file:	C:\Users\Kate\Desktop\Дединский СИ Tasks\Task4 string sorting\string sorting 1.exe
Directory:	C:\Users\Kate\Desktop\Дединский СИ Tasks\Task4 string sorting

--------------------------------------------------

--------------------------------------------------
TXLib соболезнует...

Программа: C:\Users\Kate\Desktop\Дединский СИ Tasks\Task4 string sorting\string sorting 1.exe,

ВНЕЗАПНО: signal (11, 0x00): SIGSEGV: Доступ по неверному указателю. Ставьте ассерты! 

Нарушение доступа к памяти.

#1: Исключение EXCEPTION_ACCESS_VIOLATION (0xC0000005) при выполнении кода по адресу 0x00435FBA в функции print_massive() в файле C:/Users/Kate/Desktop/Дединский СИ Tasks/Task4 string sorting/string sorting 1.cpp на строке 69. Попытка прочесть данные по адресу NULL в модуле C:\Users\Kate\Desktop\Дединский СИ Tasks\Task4 string sorting\string sorting 1.exe. Спасибо _txUnhandledExceptionFilter(), что сообщил. Люблю его <3

С помощью функции signal() вы можете сами обработать эту ошибку.

#2: TXLib [Ver: 00173a, Rev: 175, Date: 2025-12-31 23:02:50 +0400], Instance: 0x005101DC (32-bit), Flags: Cmdre0, Thread: 0x1A4C (Main). 

--------------------------------------------------
Стек вызовов:

# 0 0x00435FBA in C:\Users\Kate\Desktop\Дединский СИ Tasks\Task4 string sorting\string sorting 1.exe: print_massive() at C:/Users/Kate/Desktop/Дединский СИ Tasks/Task4 string sorting/string sorting 1.cpp:69:

     67: void print_massive(char* matrix[], size_t length){
     68:     for(size_t i = 0; i < length; i++){
=>   69:         printf("%g ", *(matrix[i]));
     70:     }
     71:     putchar('\n');

# 1 0x00435DF7 in C:\Users\Kate\Desktop\Дединский СИ Tasks\Task4 string sorting\string sorting 1.exe: main() at C:/Users/Kate/Desktop/Дединский СИ Tasks/Task4 string sorting/string sorting 1.cpp:20:

     18:     char* text[5] = {};
     19:     readText("test.txt", text);
=>   20:     print_massive(text, 5);
     21: }
     22: 

--------------------------------------------------
Developed with:

The Dumb Artist Library (TX Library)
TXLib [Ver: 00173a, Rev: 175, Date: 2025-12-31 23:02:50 +0400]
Copyright (C) Ded (Ilya Dedinsky, http://txlib.ru) <mail@txlib.ru>
See license on: http://txlib.ru

TXLib file:	C:\Users\Kate\Desktop\downloads\TX\TXLib.h
Compiled:	Sep 15 2026 20:02:24, GNU g++ 4.8.1, std=201103L, MinGW Runtime 3.20, 32-bit, DEBUG
Started:	Sep 15 2026 20:02:27

Run file:	C:\Users\Kate\Desktop\Дединский СИ Tasks\Task4 string sorting\string sorting 1.exe
Directory:	C:\Users\Kate\Desktop\Дединский СИ Tasks\Task4 string sorting

--------------------------------------------------

--------------------------------------------------
TXLib предупреждает:

Программа: C:\Users\Kate\Desktop\Дединский СИ Tasks\Task4 string sorting\string sorting 1.exe,

ВНЕЗАПНО: Нарушение доступа к памяти.

#1: Исключение EXCEPTION_ACCESS_VIOLATION (0xC0000005) при выполнении кода по адресу 0x756BEE84 в функции ungetwc(). Попытка прочесть данные по адресу 0x00000068 в модуле C:\WINDOWS\System32\msvcrt.dll. Спасибо _txUnhandledExceptionFilter(), что сообщил. Люблю его <3

#1: TXLib [Ver: 00173a, Rev: 175, Date: 2025-12-31 23:02:50 +0400], Instance: 0x005101DC (32-bit), Flags: Cmdre0, Thread: 0xF90 (Main). 

--------------------------------------------------
Стек вызовов:

# 0 0x756BEE84 in C:\WINDOWS\System32\msvcrt.dll: ungetwc()
# 1 0x756B844B in C:\WINDOWS\System32\msvcrt.dll: printf()

# 2 0x00435FD0 in C:\Users\Kate\Desktop\Дединский СИ Tasks\Task4 string sorting\string sorting 1.exe: print_massive() at C:/Users/Kate/Desktop/Дединский СИ Tasks/Task4 string sorting/string sorting 1.cpp:69:

     67: void print_massive(char* matrix[], size_t length){
     68:     for(size_t i = 0; i < length; i++){
=>   69:         printf("%s \n", *matrix[i]);
     70:     }
     71:     putchar('\n');

# 3 0x00435DF7 in C:\Users\Kate\Desktop\Дединский СИ Tasks\Task4 string sorting\string sorting 1.exe: main() at C:/Users/Kate/Desktop/Дединский СИ Tasks/Task4 string sorting/string sorting 1.cpp:20:

     18:     char* text[5] = {};
     19:     readText("test.txt", text);
=>   20:     print_massive(text, 5);
     21: }
     22: 

--------------------------------------------------
Developed with:

The Dumb Artist Library (TX Library)
TXLib [Ver: 00173a, Rev: 175, Date: 2025-12-31 23:02:50 +0400]
Copyright (C) Ded (Ilya Dedinsky, http://txlib.ru) <mail@txlib.ru>
See license on: http://txlib.ru

TXLib file:	C:\Users\Kate\Desktop\downloads\TX\TXLib.h
Compiled:	Sep 15 2026 20:10:42, GNU g++ 4.8.1, std=201103L, MinGW Runtime 3.20, 32-bit, DEBUG
Started:	Sep 15 2026 20:10:46

Run file:	C:\Users\Kate\Desktop\Дединский СИ Tasks\Task4 string sorting\string sorting 1.exe
Directory:	C:\Users\Kate\Desktop\Дединский СИ Tasks\Task4 string sorting

--------------------------------------------------

--------------------------------------------------
TXLib соболезнует...

Программа: C:\Users\Kate\Desktop\Дединский СИ Tasks\Task4 string sorting\string sorting 1.exe,

ВНЕЗАПНО: signal (11, 0x00): SIGSEGV: Доступ по неверному указателю. Ставьте ассерты! 

Нарушение доступа к памяти.

#1: Исключение EXCEPTION_ACCESS_VIOLATION (0xC0000005) при выполнении кода по адресу 0x756BEE84 в функции ungetwc(). Попытка прочесть данные по адресу 0x00000068 в модуле C:\WINDOWS\System32\msvcrt.dll. Спасибо _txUnhandledExceptionFilter(), что сообщил. Люблю его <3

С помощью функции signal() вы можете сами обработать эту ошибку.

#2: TXLib [Ver: 00173a, Rev: 175, Date: 2025-12-31 23:02:50 +0400], Instance: 0x005101DC (32-bit), Flags: Cmdre0, Thread: 0xF90 (Main). 

--------------------------------------------------
Стек вызовов:

# 0 0x756BEE84 in C:\WINDOWS\System32\msvcrt.dll: ungetwc()
# 1 0x756B844B in C:\WINDOWS\System32\msvcrt.dll: printf()

# 2 0x00435FD0 in C:\Users\Kate\Desktop\Дединский СИ Tasks\Task4 string sorting\string sorting 1.exe: print_massive() at C:/Users/Kate/Desktop/Дединский СИ Tasks/Task4 string sorting/string sorting 1.cpp:69:

     67: void print_massive(char* matrix[], size_t length){
     68:     for(size_t i = 0; i < length; i++){
=>   69:         printf("%s \n", *matrix[i]);
     70:     }
     71:     putchar('\n');

# 3 0x00435DF7 in C:\Users\Kate\Desktop\Дединский СИ Tasks\Task4 string sorting\string sorting 1.exe: main() at C:/Users/Kate/Desktop/Дединский СИ Tasks/Task4 string sorting/string sorting 1.cpp:20:

     18:     char* text[5] = {};
     19:     readText("test.txt", text);
=>   20:     print_massive(text, 5);
     21: }
     22: 

--------------------------------------------------
Developed with:

The Dumb Artist Library (TX Library)
TXLib [Ver: 00173a, Rev: 175, Date: 2025-12-31 23:02:50 +0400]
Copyright (C) Ded (Ilya Dedinsky, http://txlib.ru) <mail@txlib.ru>
See license on: http://txlib.ru

TXLib file:	C:\Users\Kate\Desktop\downloads\TX\TXLib.h
Compiled:	Sep 15 2026 20:10:42, GNU g++ 4.8.1, std=201103L, MinGW Runtime 3.20, 32-bit, DEBUG
Started:	Sep 15 2026 20:10:46

Run file:	C:\Users\Kate\Desktop\Дединский СИ Tasks\Task4 string sorting\string sorting 1.exe
Directory:	C:\Users\Kate\Desktop\Дединский СИ Tasks\Task4 string sorting

--------------------------------------------------
